
Memory Configuration

Name             Origin             Length             Attributes
FLASH            0x0000000000010000 0x0000000000100000 xr
RAM              0x0000000000000000 0x0000000000000400 xrw
*default*        0x0000000000000000 0xffffffffffffffff

Linker script and memory map


.text           0x0000000000010000      0x1dc
                0x0000000000010000                . = ALIGN (0x4)
 *(.text)
 .text          0x0000000000010000      0x17a start.o
 .text          0x000000000001017a       0x32 /tmp/ccZmCt9Y.ltrans0.ltrans.o
                0x000000000001017a                irq
 *(.text*)
 .text.startup  0x00000000000101ac       0x2e /tmp/ccZmCt9Y.ltrans0.ltrans.o
                0x00000000000101ac                main
 *(.rodata)
 *(.rodata*)
 *(.srodata)
 *(.srodata*)
 *(.eh_frame)
 *(.eh_frame*)
                0x00000000000101dc                . = ALIGN (0x4)
 *fill*         0x00000000000101da        0x2 
                0x00000000000101dc                _etext = .
                0x00000000000101dc                _sidata = _etext

.rela.dyn       0x00000000000101dc        0x0
 .rela.text     0x00000000000101dc        0x0 start.o

.data           0x0000000000000000        0x4 load address 0x00000000000101dc
                0x0000000000000000                . = ALIGN (0x4)
                0x0000000000000000                _sdata = .
                0x0000000000000000                _ram_start = .
 *(.data)
 .data          0x0000000000000000        0x1 start.o
 .data          0x0000000000000001        0x0 /tmp/ccZmCt9Y.ltrans0.ltrans.o
 *(.data*)
 *(.sdata)
 *(.sdata*)
 *(.init_array)
 *(.init_array*)
                0x0000000000000004                . = ALIGN (0x4)
 *fill*         0x0000000000000001        0x3 
                0x0000000000000004                _edata = .

.bss            0x0000000000000004        0x0 load address 0x00000000000101e0
                0x0000000000000004                . = ALIGN (0x4)
                0x0000000000000004                _sbss = .
 *(.bss)
 .bss           0x0000000000000004        0x0 start.o
 .bss           0x0000000000000004        0x0 /tmp/ccZmCt9Y.ltrans0.ltrans.o
 *(.bss*)
 *(.sbss)
 *(.sbss*)
 *(COMMON)
                0x0000000000000004                . = ALIGN (0x4)
                0x0000000000000004                _ebss = .

.heap           0x0000000000000004        0x0
                0x0000000000000004                . = ALIGN (0x4)
                0x0000000000000004                _heap_start = .
LOAD start.o
LOAD /tmp/ccZmCt9Y.ltrans0.ltrans.o
OUTPUT(c_delay.elf elf32-littleriscv)

.comment        0x0000000000000000       0x11
 .comment       0x0000000000000000       0x11 /tmp/ccZmCt9Y.ltrans0.ltrans.o
                                         0x12 (size before relaxing)

Cross Reference Table

Symbol                                            File
_ebss                                             start.o
_edata                                            start.o
_sbss                                             start.o
_sdata                                            start.o
_sidata                                           start.o
delay_cycles_11                                   delay.o (symbol from plugin)
                                                  c_delay.o (symbol from plugin)
irq                                               /tmp/ccZmCt9Y.ltrans0.ltrans.o
                                                  c_delay.o (symbol from plugin)
                                                  start.o
main                                              /tmp/ccZmCt9Y.ltrans0.ltrans.o
                                                  c_delay.o (symbol from plugin)
                                                  start.o
