
Discarded input sections

 .debug_line    0x0000000000000000      0x31e start.o
 .debug_info    0x0000000000000000       0x26 start.o
 .debug_abbrev  0x0000000000000000       0x14 start.o
 .debug_aranges
                0x0000000000000000       0x20 start.o
 .debug_str     0x0000000000000000       0x4f start.o
 .debug_info    0x0000000000000000      0x224 c_delay.o
 .debug_abbrev  0x0000000000000000      0x128 c_delay.o
 .debug_loc     0x0000000000000000       0x21 c_delay.o
 .debug_aranges
                0x0000000000000000       0x28 c_delay.o
 .debug_ranges  0x0000000000000000       0x18 c_delay.o
 .debug_line    0x0000000000000000      0x22d c_delay.o
 .debug_str     0x0000000000000000      0x1b5 c_delay.o
 .debug_frame   0x0000000000000000       0x3c c_delay.o
 .debug_info    0x0000000000000000      0x1b4 delay.o
 .debug_abbrev  0x0000000000000000       0xc4 delay.o
 .debug_loc     0x0000000000000000       0x13 delay.o
 .debug_aranges
                0x0000000000000000       0x20 delay.o
 .debug_ranges  0x0000000000000000       0x10 delay.o
 .debug_line    0x0000000000000000       0x61 delay.o
 .debug_str     0x0000000000000000      0x1a7 delay.o
 .debug_frame   0x0000000000000000       0x20 delay.o

Memory Configuration

Name             Origin             Length             Attributes
FLASH            0x0000000000010000 0x0000000000100000 xr
RAM              0x0000000000000000 0x0000000000000400 xrw
*default*        0x0000000000000000 0xffffffffffffffff

Linker script and memory map


.text           0x0000000000010000      0x1e4
                0x0000000000010000                . = ALIGN (0x4)
 *(.text)
 .text          0x0000000000010000      0x17a start.o
 .text          0x000000000001017a       0x32 c_delay.o
                0x000000000001017a                irq
 .text          0x00000000000101ac        0xa delay.o
                0x00000000000101ac                delay_cycles_11
 *(.text*)
 .text.startup  0x00000000000101b6       0x2c c_delay.o
                0x00000000000101b6                main
 *(.rodata)
 *(.rodata*)
 *(.srodata)
 *(.srodata*)
 *(.eh_frame)
 *(.eh_frame*)
                0x00000000000101e4                . = ALIGN (0x4)
 *fill*         0x00000000000101e2        0x2 
                0x00000000000101e4                _etext = .
                0x00000000000101e4                _sidata = _etext

.rela.dyn       0x00000000000101e4        0x0
 .rela.text     0x00000000000101e4        0x0 start.o

.data           0x0000000000000000        0x4 load address 0x00000000000101e4
                0x0000000000000000                . = ALIGN (0x4)
                0x0000000000000000                _sdata = .
                0x0000000000000000                _ram_start = .
 *(.data)
 .data          0x0000000000000000        0x1 start.o
 .data          0x0000000000000001        0x0 c_delay.o
 .data          0x0000000000000001        0x0 delay.o
 *(.data*)
 *(.sdata)
 *(.sdata*)
 *(.init_array)
 *(.init_array*)
                0x0000000000000004                . = ALIGN (0x4)
 *fill*         0x0000000000000001        0x3 
                0x0000000000000004                _edata = .

.bss            0x0000000000000004        0x0 load address 0x00000000000101e8
                0x0000000000000004                . = ALIGN (0x4)
                0x0000000000000004                _sbss = .
 *(.bss)
 .bss           0x0000000000000004        0x0 start.o
 .bss           0x0000000000000004        0x0 c_delay.o
 .bss           0x0000000000000004        0x0 delay.o
 *(.bss*)
 *(.sbss)
 *(.sbss*)
 *(COMMON)
                0x0000000000000004                . = ALIGN (0x4)
                0x0000000000000004                _ebss = .

.heap           0x0000000000000004        0x0
                0x0000000000000004                . = ALIGN (0x4)
                0x0000000000000004                _heap_start = .
LOAD start.o
LOAD c_delay.o
LOAD delay.o
OUTPUT(c_delay.elf elf32-littleriscv)

.comment        0x0000000000000000       0x11
 .comment       0x0000000000000000       0x11 c_delay.o
                                         0x12 (size before relaxing)
 .comment       0x0000000000000011       0x12 delay.o

Cross Reference Table

Symbol                                            File
_ebss                                             start.o
_edata                                            start.o
_sbss                                             start.o
_sdata                                            start.o
_sidata                                           start.o
delay_cycles_11                                   delay.o
                                                  c_delay.o
irq                                               c_delay.o
                                                  start.o
main                                              c_delay.o
                                                  start.o
