
Memory Configuration

Name             Origin             Length             Attributes
FLASH            0x0000000000000000 0x0000000000100000 xr
RAM              0x0000000000000000 0x0000000000000400 xrw
*default*        0x0000000000000000 0xffffffffffffffff

Linker script and memory map


.text           0x0000000000000000      0x1c8
                0x0000000000000000                . = ALIGN (0x4)
 *(.text)
 .text          0x0000000000000000      0x156 /tmp/ccBtREeV.o
 .text          0x0000000000000156       0x3c /tmp/cc6jIIOV.o
                0x0000000000000156                delay_cycles_11
                0x0000000000000160                irq
 *(.text*)
 .text.startup  0x0000000000000192       0x34 /tmp/cc6jIIOV.o
                0x0000000000000192                main
 *(.rodata)
 *(.rodata*)
 *(.srodata)
 *(.srodata*)
 *(.eh_frame)
 *(.eh_frame*)
                0x00000000000001c8                . = ALIGN (0x4)
 *fill*         0x00000000000001c6        0x2 
                0x00000000000001c8                _etext = .
                0x00000000000001c8                _sidata = _etext

.rela.dyn       0x00000000000001c8        0x0
 .rela.text     0x00000000000001c8        0x0 /tmp/ccBtREeV.o

.data           0x0000000000000000        0x0 load address 0x00000000000001c8
                0x0000000000000000                . = ALIGN (0x4)
                0x0000000000000000                _sdata = .
                0x0000000000000000                _ram_start = .
 *(.data)
 .data          0x0000000000000000        0x0 /tmp/ccBtREeV.o
 .data          0x0000000000000000        0x0 /tmp/cc6jIIOV.o
 *(.data*)
 *(.sdata)
 *(.sdata*)
 *(.init_array)
 *(.init_array*)
                0x0000000000000000                . = ALIGN (0x4)
                0x0000000000000000                _edata = .

.bss            0x0000000000000000        0x0 load address 0x00000000000001c8
                0x0000000000000000                . = ALIGN (0x4)
                0x0000000000000000                _sbss = .
 *(.bss)
 .bss           0x0000000000000000        0x0 /tmp/ccBtREeV.o
 .bss           0x0000000000000000        0x0 /tmp/cc6jIIOV.o
 *(.bss*)
 *(.sbss)
 *(.sbss*)
 *(COMMON)
                0x0000000000000000                . = ALIGN (0x4)
                0x0000000000000000                _ebss = .

.heap           0x0000000000000000        0x0
                0x0000000000000000                . = ALIGN (0x4)
                0x0000000000000000                _heap_start = .
LOAD /tmp/ccBtREeV.o
LOAD /tmp/cc6jIIOV.o
OUTPUT(c_delay.elf elf32-littleriscv)

.comment        0x0000000000000000       0x11
 .comment       0x0000000000000000       0x11 /tmp/cc6jIIOV.o
                                         0x12 (size before relaxing)

Cross Reference Table

Symbol                                            File
_ebss                                             /tmp/ccBtREeV.o
_edata                                            /tmp/ccBtREeV.o
_sbss                                             /tmp/ccBtREeV.o
_sdata                                            /tmp/ccBtREeV.o
_sidata                                           /tmp/ccBtREeV.o
delay_cycles_11                                   /tmp/cc6jIIOV.o
irq                                               /tmp/cc6jIIOV.o
                                                  /tmp/ccBtREeV.o
main                                              /tmp/cc6jIIOV.o
                                                  /tmp/ccBtREeV.o
