
icetime topological timing analysis report
==========================================

Info: max_span_hack is enabled: estimate is conservative.

Report for critical path:
-------------------------

        lc40_4_31_0 (LogicCell40) [clk] -> lcout: 0.896 ns
     0.896 ns net_16029 (myrisc.rom_ready)
        odrv_4_31_16029_3490 (Odrv12) I -> O: 0.796 ns
        t6333 (Span12Mux_v12) I -> O: 0.796 ns
        t6332 (Sp12to4) I -> O: 0.662 ns
        t6331 (Span4Mux_h4) I -> O: 0.465 ns
        t6330 (LocalMux) I -> O: 0.486 ns
        inmux_13_23_55188_55219 (InMux) I -> O: 0.382 ns
        lc40_13_23_0 (LogicCell40) in3 -> lcout: 0.465 ns
     4.948 ns net_51065 (myrisc.tx.uart_tx_ready_SB_LUT4_I1_O[2])
        t14223 (LocalMux) I -> O: 0.486 ns
        inmux_13_23_55199_55254 (InMux) I -> O: 0.382 ns
        t1598 (CascadeMux) I -> O: 0.000 ns
        lc40_13_23_6 (LogicCell40) in2 -> lcout: 0.558 ns
     6.374 ns net_51071 (myrisc.cpu.prefetched_high_word_SB_LUT4_I3_O[3])
        odrv_13_23_51071_54538 (Odrv12) I -> O: 0.796 ns
        t14238 (Sp12to4) I -> O: 0.662 ns
        t14237 (LocalMux) I -> O: 0.486 ns
        inmux_12_21_50866_50926 (InMux) I -> O: 0.382 ns
        lc40_12_21_5 (LogicCell40) in3 -> lcout: 0.465 ns
     9.165 ns net_46747 (myrisc.cpu.mem_xfer)
        odrv_12_21_46747_14931 (Odrv12) I -> O: 0.796 ns
        t12864 (Span12Mux_v12) I -> O: 0.796 ns
        t12869 (Span12Mux_v12) I -> O: 0.796 ns
        t12868 (Sp12to4) I -> O: 0.662 ns
        t12867 (Span4Mux_h4) I -> O: 0.465 ns
        t12866 (Span4Mux_v4) I -> O: 0.548 ns
        t12930 (Span4Mux_h4) I -> O: 0.465 ns
        t12929 (Span4Mux_v4) I -> O: 0.548 ns
        t12985 (Span4Mux_h4) I -> O: 0.465 ns
        t12984 (LocalMux) I -> O: 0.486 ns
        inmux_20_12_82378_82433 (InMux) I -> O: 0.382 ns
        lc40_20_12_5 (LogicCell40) in3 -> lcout: 0.465 ns
    16.039 ns net_78254 (myrisc.cpu.latched_is_lh_SB_LUT4_I1_I2_SB_LUT4_O_I2_SB_LUT4_I1_1_O[0])
        t20581 (LocalMux) I -> O: 0.486 ns
        inmux_20_11_82257_82277 (InMux) I -> O: 0.382 ns
        lc40_20_11_0 (LogicCell40) in0 -> lcout: 0.662 ns
    17.569 ns net_78126 (myrisc.cpu.latched_is_lh_SB_LUT4_I1_I2_SB_LUT4_O_I2_SB_LUT4_I1_1_O_SB_LUT4_I0_O[0])
        odrv_20_11_78126_82338 (Odrv4) I -> O: 0.548 ns
        t20517 (Span4Mux_h4) I -> O: 0.465 ns
        t20516 (Span4Mux_v4) I -> O: 0.548 ns
        t20520 (Span4Mux_v4) I -> O: 0.548 ns
        t20528 (Span4Mux_v4) I -> O: 0.548 ns
        t20531 (Span4Mux_h4) I -> O: 0.465 ns
        t20530 (Span4Mux_v4) I -> O: 0.548 ns
        t20529 (LocalMux) I -> O: 0.486 ns
        inmux_19_5_77437_77499 (InMux) I -> O: 0.382 ns
        lc40_19_5_6 (LogicCell40) in1 -> lcout: 0.589 ns
    22.696 ns net_73317 (myrisc.cpu.mem_rdata_latched_SB_LUT4_O_1_I0_SB_LUT4_O_1_I1_SB_LUT4_I3_O_SB_LUT4_I3_O_SB_LUT4_O_I1_SB_LUT4_I1_O_SB_LUT4_I0_O[2])
        odrv_19_5_73317_36751 (Odrv12) I -> O: 0.796 ns
        t19645 (Sp12to4) I -> O: 0.662 ns
        t19657 (Span4Mux_v4) I -> O: 0.548 ns
        t19661 (Span4Mux_v4) I -> O: 0.548 ns
        t19660 (LocalMux) I -> O: 0.486 ns
        inmux_18_8_73735_73762 (InMux) I -> O: 0.382 ns
        t2368 (CascadeMux) I -> O: 0.000 ns
        lc40_18_8_1 (LogicCell40) in2 -> lcout: 0.558 ns
    26.676 ns net_69605 (myrisc.cpu.latched_is_lh_SB_LUT4_I1_I2_SB_LUT4_O_I2_SB_LUT4_I1_1_O_SB_LUT4_I0_O_SB_LUT4_I2_O[3])
        odrv_18_8_69605_65664 (Odrv4) I -> O: 0.548 ns
        t18785 (LocalMux) I -> O: 0.486 ns
        inmux_17_8_69660_69699 (InMux) I -> O: 0.382 ns
        lc40_17_8_3 (LogicCell40) in3 -> lcout: 0.465 ns
    28.558 ns net_65530 (myrisc.cpu.decoded_imm_uj_SB_DFFE_Q_27_D_SB_LUT4_O_I2[2])
        t18038 (LocalMux) I -> O: 0.486 ns
        inmux_17_9_69779_69827 (InMux) I -> O: 0.382 ns
        t2186 (CascadeMux) I -> O: 0.000 ns
        lc40_17_9_4 (LogicCell40) in2 -> lcout: 0.558 ns
    29.984 ns net_65654 (myrisc.cpu.decoded_imm_uj_SB_DFFE_Q_27_D_SB_LUT4_O_I2_SB_LUT4_I0_O[0])
        odrv_17_9_65654_68841 (Odrv12) I -> O: 0.796 ns
        t18080 (Span12Mux_h12) I -> O: 0.796 ns
        t18079 (Sp12to4) I -> O: 0.662 ns
        t18078 (Span4Mux_v4) I -> O: 0.548 ns
        t18077 (Span4Mux_v4) I -> O: 0.548 ns
        t18076 (LocalMux) I -> O: 0.486 ns
        inmux_7_9_29684_29711 (InMux) I -> O: 0.382 ns
        lc40_7_9_1 (LogicCell40) in0 -> lcout: 0.662 ns
    34.863 ns net_25555 (myrisc.cpu.cpuregs.regs.1.0.0_RDATA_12_SB_DFFSR_Q_R_SB_LUT4_O_I1[0])
        odrv_7_9_25555_9378 (Odrv12) I -> O: 0.796 ns
        t8418 (LocalMux) I -> O: 0.486 ns
        inmux_9_9_37159_37193 (InMux) I -> O: 0.382 ns
        lc40_9_9_1 (LogicCell40) in1 -> lcout: 0.589 ns
    37.116 ns net_33510 (myrisc.cpu.cpuregs.regs.1.0.0_RDATA_12_SB_DFFSR_Q_R)
        odrv_9_9_33510_36892 (Odrv4) I -> O: 0.548 ns
        t9354 (Span4Mux_h4) I -> O: 0.465 ns
        t9353 (LocalMux) I -> O: 0.486 ns
        inmux_7_9_29685_29753 (SRMux) I -> O: 0.682 ns
    39.298 ns net_29753 (myrisc.cpu.cpuregs.regs.1.0.0_RDATA_12_SB_DFFSR_Q_R)
        lc40_7_9_7 (LogicCell40) sr [setup]: 0.207 ns
    39.504 ns net_25561 (myrisc.cpu.cpuregs.regs.1.0.0_RDATA_12[2])

Resolvable net names on path:
     0.896 ns ..  4.483 ns myrisc.rom_ready
     4.948 ns ..  5.816 ns myrisc.tx.uart_tx_ready_SB_LUT4_I1_O[2]
     6.374 ns ..  8.700 ns myrisc.cpu.prefetched_high_word_SB_LUT4_I3_O[3]
     9.165 ns .. 15.574 ns myrisc.cpu.mem_xfer
    16.039 ns .. 16.908 ns myrisc.cpu.latched_is_lh_SB_LUT4_I1_I2_SB_LUT4_O_I2_SB_LUT4_I1_1_O[0]
    17.569 ns .. 22.107 ns myrisc.cpu.latched_is_lh_SB_LUT4_I1_I2_SB_LUT4_O_I2_SB_LUT4_I1_1_O_SB_LUT4_I0_O[0]
    22.696 ns .. 26.118 ns myrisc.cpu.mem_rdata_latched_SB_LUT4_O_1_I0_SB_LUT4_O_1_I1_SB_LUT4_I3_O_SB_LUT4_I3_O_SB_LUT4_O_I1_SB_LUT4_I1_O_SB_LUT4_I0_O[2]
    26.676 ns .. 28.092 ns myrisc.cpu.latched_is_lh_SB_LUT4_I1_I2_SB_LUT4_O_I2_SB_LUT4_I1_1_O_SB_LUT4_I0_O_SB_LUT4_I2_O[3]
    28.558 ns .. 29.426 ns myrisc.cpu.decoded_imm_uj_SB_DFFE_Q_27_D_SB_LUT4_O_I2[2]
    29.984 ns .. 34.201 ns myrisc.cpu.decoded_imm_uj_SB_DFFE_Q_27_D_SB_LUT4_O_I2_SB_LUT4_I0_O[0]
    34.863 ns .. 36.527 ns myrisc.cpu.cpuregs.regs.1.0.0_RDATA_12_SB_DFFSR_Q_R_SB_LUT4_O_I1[0]
    37.116 ns .. 39.298 ns myrisc.cpu.cpuregs.regs.1.0.0_RDATA_12_SB_DFFSR_Q_R
                  lcout -> myrisc.cpu.cpuregs.regs.1.0.0_RDATA_12[2]

Total number of logic levels: 12
Total path delay: 39.50 ns (25.31 MHz)

