
icetime topological timing analysis report
==========================================

Info: max_span_hack is enabled: estimate is conservative.

Report for critical path:
-------------------------

        lc40_26_5_7 (LogicCell40) [clk] -> lcout: 0.896 ns
     0.896 ns net_101742 (myrisc.cpu.reg_next_pc[1])
        odrv_26_5_101742_105158 (Odrv4) I -> O: 0.548 ns
        t21762 (Span4Mux_h4) I -> O: 0.465 ns
        t21761 (Span4Mux_v4) I -> O: 0.548 ns
        t21760 (Span4Mux_v4) I -> O: 0.548 ns
        t21759 (Span4Mux_h4) I -> O: 0.465 ns
        t21758 (Span4Mux_h4) I -> O: 0.465 ns
        t21757 (LocalMux) I -> O: 0.486 ns
        inmux_20_14_82622_82653 (InMux) I -> O: 0.382 ns
        lc40_20_14_1 (LogicCell40) in1 -> lcout: 0.589 ns
     5.393 ns net_78496 (myrisc.cpu.latched_store_SB_LUT4_I3_2_O[2])
        odrv_20_14_78496_82711 (Odrv4) I -> O: 0.548 ns
        t16862 (Span4Mux_h4) I -> O: 0.465 ns
        t16861 (Span4Mux_h4) I -> O: 0.465 ns
        t16864 (Span4Mux_v4) I -> O: 0.548 ns
        t16863 (LocalMux) I -> O: 0.486 ns
        inmux_12_18_50494_50544 (InMux) I -> O: 0.382 ns
        t1555 (CascadeMux) I -> O: 0.000 ns
        lc40_12_18_3 (LogicCell40) in2 -> lcout: 0.558 ns
     8.845 ns net_46376 (myrisc.cpu.prefetched_high_word_SB_LUT4_I3_O[1])
        t9073 (LocalMux) I -> O: 0.486 ns
        inmux_12_19_50617_50672 (InMux) I -> O: 0.382 ns
        lc40_12_19_4 (LogicCell40) in1 -> lcout: 0.589 ns
    10.303 ns net_46500 (myrisc.cpu.mem_xfer)
        odrv_12_19_46500_50359 (Odrv4) I -> O: 0.548 ns
        t9184 (Span4Mux_h4) I -> O: 0.465 ns
        t9188 (Span4Mux_v4) I -> O: 0.548 ns
        t9187 (Span4Mux_h4) I -> O: 0.465 ns
        t9186 (Span4Mux_v4) I -> O: 0.548 ns
        t9185 (LocalMux) I -> O: 0.486 ns
        inmux_13_16_54340_54369 (InMux) I -> O: 0.382 ns
        t1700 (CascadeMux) I -> O: 0.000 ns
        lc40_13_16_2 (LogicCell40) in2 -> lcout: 0.558 ns
    14.303 ns net_50206 (myrisc.cpu.decoded_imm_j_SB_DFFE_Q_28_D_SB_LUT4_O_I2_SB_LUT4_O_I3_SB_LUT4_O_I1_SB_LUT4_I2_O_SB_LUT4_I1_O_SB_LUT4_O_18_I2_SB_LUT4_O_1_I0_SB_LUT4_O_I2_SB_LUT4_I1_2_O[1])
        t9898 (LocalMux) I -> O: 0.486 ns
        inmux_13_16_54324_54362 (InMux) I -> O: 0.382 ns
        lc40_13_16_1 (LogicCell40) in1 -> lcout: 0.589 ns
    15.760 ns net_50205 (myrisc.cpu.decoded_imm_j_SB_DFFE_Q_28_D_SB_LUT4_O_I2_SB_LUT4_O_I3_SB_LUT4_O_I1_SB_LUT4_I2_I3_SB_LUT4_O_I2_SB_LUT4_O_I1_SB_LUT4_I1_1_O_SB_LUT4_I0_O[1])
        odrv_13_16_50205_34364 (Odrv12) I -> O: 0.796 ns
        t9910 (Sp12to4) I -> O: 0.662 ns
        t9909 (Span4Mux_v4) I -> O: 0.548 ns
        t9908 (Span4Mux_v4) I -> O: 0.548 ns
        t9907 (LocalMux) I -> O: 0.486 ns
        inmux_14_24_59383_59418 (InMux) I -> O: 0.382 ns
        t1927 (CascadeMux) I -> O: 0.000 ns
        lc40_14_24_0 (LogicCell40) in2 -> lcout: 0.558 ns
    19.740 ns net_55265 (myrisc.cpu.decoded_imm_j_SB_DFFE_Q_28_D_SB_LUT4_O_I2_SB_LUT4_O_I3_SB_LUT4_O_I1_SB_LUT4_I2_O_SB_LUT4_I1_O_SB_LUT4_O_20_I2_SB_LUT4_O_1_I0_SB_LUT4_O_I2_SB_LUT4_I1_1_O_SB_LUT4_I0_O[2])
        odrv_14_24_55265_43165 (Odrv12) I -> O: 0.796 ns
        t11110 (Sp12to4) I -> O: 0.662 ns
        t11109 (Span4Mux_v4) I -> O: 0.548 ns
        t11108 (Span4Mux_h4) I -> O: 0.465 ns
        t11107 (Span4Mux_v4) I -> O: 0.548 ns
        t11106 (LocalMux) I -> O: 0.486 ns
        inmux_20_21_83503_83516 (InMux) I -> O: 0.382 ns
        lc40_20_21_1 (LogicCell40) in3 -> lcout: 0.465 ns
    24.092 ns net_79357 (myrisc.cpu.is_sb_sh_sw_SB_DFFE_Q_D_SB_LUT4_O_I3[0])
        odrv_20_21_79357_63182 (Odrv12) I -> O: 0.796 ns
        t17264 (LocalMux) I -> O: 0.486 ns
        inmux_21_21_87556_87597 (InMux) I -> O: 0.382 ns
        lc40_21_21_2 (LogicCell40) in1 -> lcout: 0.589 ns
    26.345 ns net_83435 (myrisc.cpu.decoded_imm_j_SB_DFFE_Q_30_D_SB_LUT4_O_I2_SB_LUT4_I2_1_O[0])
        t18635 (LocalMux) I -> O: 0.486 ns
        inmux_21_21_87569_87620 (InMux) I -> O: 0.382 ns
        lc40_21_21_6 (LogicCell40) in0 -> lcout: 0.662 ns
    27.875 ns net_83439 (myrisc.cpu.decoded_rs2_SB_DFF_Q_3_D_SB_LUT4_O_I2[0])
        odrv_21_21_83439_79497 (Odrv4) I -> O: 0.548 ns
        t18652 (Span4Mux_v4) I -> O: 0.548 ns
        t18651 (Span4Mux_v4) I -> O: 0.548 ns
        t18650 (LocalMux) I -> O: 0.486 ns
        inmux_23_17_95214_95276 (InMux) I -> O: 0.382 ns
        lc40_23_17_5 (LogicCell40) in0 -> lcout: 0.662 ns
    31.049 ns net_91100 (myrisc.cpu.decoded_rs2_SB_DFF_Q_2_D_SB_LUT4_O_I2_SB_LUT4_I0_O[3])
        odrv_23_17_91100_91248 (Odrv4) I -> O: 0.548 ns
        t20330 (LocalMux) I -> O: 0.486 ns
        inmux_23_20_95597_95624 (InMux) I -> O: 0.382 ns
        lc40_23_20_1 (LogicCell40) in3 -> lcout: 0.465 ns
    32.930 ns net_91465 (myrisc.cpu.cpuregs.regs.0.0.0_RDATA_15_SB_DFFSR_Q_R)
        odrv_23_20_91465_95680 (Odrv4) I -> O: 0.548 ns
        t20592 (Span4Mux_h4) I -> O: 0.465 ns
        t20591 (Span4Mux_v4) I -> O: 0.548 ns
        t20590 (LocalMux) I -> O: 0.486 ns
        inmux_23_20_95586_95663 (SRMux) I -> O: 0.682 ns
    35.659 ns net_95663 (myrisc.cpu.cpuregs.regs.0.0.0_RDATA_15_SB_DFFSR_Q_R)
        lc40_23_20_7 (LogicCell40) sr [setup]: 0.207 ns
    35.866 ns net_91471 (myrisc.cpu.cpuregs.regs.0.0.0_RDATA_15[2])

Resolvable net names on path:
     0.896 ns ..  4.803 ns myrisc.cpu.reg_next_pc[1]
     5.393 ns ..  8.287 ns myrisc.cpu.latched_store_SB_LUT4_I3_2_O[2]
     8.845 ns ..  9.713 ns myrisc.cpu.prefetched_high_word_SB_LUT4_I3_O[1]
    10.303 ns .. 13.745 ns myrisc.cpu.mem_xfer
    14.303 ns .. 15.171 ns myrisc.cpu.decoded_imm_j_SB_DFFE_Q_28_D_SB_LUT4_O_I2_SB_LUT4_O_I3_SB_LUT4_O_I1_SB_LUT4_I2_O_SB_LUT4_I1_O_SB_LUT4_O_18_I2_SB_LUT4_O_1_I0_SB_LUT4_O_I2_SB_LUT4_I1_2_O[1]
    15.760 ns .. 19.182 ns myrisc.cpu.decoded_imm_j_SB_DFFE_Q_28_D_SB_LUT4_O_I2_SB_LUT4_O_I3_SB_LUT4_O_I1_SB_LUT4_I2_I3_SB_LUT4_O_I2_SB_LUT4_O_I1_SB_LUT4_I1_1_O_SB_LUT4_I0_O[1]
    19.740 ns .. 23.627 ns myrisc.cpu.decoded_imm_j_SB_DFFE_Q_28_D_SB_LUT4_O_I2_SB_LUT4_O_I3_SB_LUT4_O_I1_SB_LUT4_I2_O_SB_LUT4_I1_O_SB_LUT4_O_20_I2_SB_LUT4_O_1_I0_SB_LUT4_O_I2_SB_LUT4_I1_1_O_SB_LUT4_I0_O[2]
    24.092 ns .. 25.756 ns myrisc.cpu.is_sb_sh_sw_SB_DFFE_Q_D_SB_LUT4_O_I3[0]
    26.345 ns .. 27.214 ns myrisc.cpu.decoded_imm_j_SB_DFFE_Q_30_D_SB_LUT4_O_I2_SB_LUT4_I2_1_O[0]
    27.875 ns .. 30.387 ns myrisc.cpu.decoded_rs2_SB_DFF_Q_3_D_SB_LUT4_O_I2[0]
    31.049 ns .. 32.465 ns myrisc.cpu.decoded_rs2_SB_DFF_Q_2_D_SB_LUT4_O_I2_SB_LUT4_I0_O[3]
    32.930 ns .. 35.659 ns myrisc.cpu.cpuregs.regs.0.0.0_RDATA_15_SB_DFFSR_Q_R
                  lcout -> myrisc.cpu.cpuregs.regs.0.0.0_RDATA_15[2]

Total number of logic levels: 12
Total path delay: 35.87 ns (27.88 MHz)

