
Memory Configuration

Name             Origin             Length             Attributes
FLASH            0x0000000000010000 0x0000000000100000 xr
RAM              0x0000000000000000 0x0000000000000400 xrw
*default*        0x0000000000000000 0xffffffffffffffff

Linker script and memory map


.text           0x0000000000010000      0x24c
                0x0000000000010000                . = ALIGN (0x4)
 *(.text)
 .text          0x0000000000010000      0x17a start.o
 .text          0x000000000001017a       0x3e /tmp/ccRVdUAp.ltrans0.ltrans.o
                0x000000000001017a                irq
 *(.text*)
 .text.startup  0x00000000000101b8       0x92 /tmp/ccRVdUAp.ltrans0.ltrans.o
                0x00000000000101b8                main
 *(.rodata)
 *(.rodata*)
 *(.srodata)
 *(.srodata*)
 *(.eh_frame)
 *(.eh_frame*)
                0x000000000001024c                . = ALIGN (0x4)
 *fill*         0x000000000001024a        0x2 
                0x000000000001024c                _etext = .
                0x000000000001024c                _sidata = _etext

.rela.dyn       0x000000000001024c        0x0
 .rela.text     0x000000000001024c        0x0 start.o

.data           0x0000000000000000        0x4 load address 0x000000000001024c
                0x0000000000000000                . = ALIGN (0x4)
                0x0000000000000000                _sdata = .
                0x0000000000000000                _ram_start = .
 *(.data)
 .data          0x0000000000000000        0x1 start.o
 .data          0x0000000000000001        0x0 /tmp/ccRVdUAp.ltrans0.ltrans.o
 *(.data*)
 *(.sdata)
 *(.sdata*)
 *(.init_array)
 *(.init_array*)
                0x0000000000000004                . = ALIGN (0x4)
 *fill*         0x0000000000000001        0x3 
                0x0000000000000004                _edata = .

.bss            0x0000000000000004        0x0 load address 0x0000000000010250
                0x0000000000000004                . = ALIGN (0x4)
                0x0000000000000004                _sbss = .
 *(.bss)
 .bss           0x0000000000000004        0x0 start.o
 .bss           0x0000000000000004        0x0 /tmp/ccRVdUAp.ltrans0.ltrans.o
 *(.bss*)
 *(.sbss)
 *(.sbss*)
 *(COMMON)
                0x0000000000000004                . = ALIGN (0x4)
                0x0000000000000004                _ebss = .

.heap           0x0000000000000004        0x0
                0x0000000000000004                . = ALIGN (0x4)
                0x0000000000000004                _heap_start = .
LOAD start.o
LOAD /tmp/ccRVdUAp.ltrans0.ltrans.o
OUTPUT(spi_master.elf elf32-littleriscv)

.comment        0x0000000000000000       0x11
 .comment       0x0000000000000000       0x11 /tmp/ccRVdUAp.ltrans0.ltrans.o
                                         0x12 (size before relaxing)

Cross Reference Table

Symbol                                            File
SPI1_ExchangeByte                                 spi1.o (symbol from plugin)
                                                  main.o (symbol from plugin)
SPI1_Initialize                                   spi1.o (symbol from plugin)
                                                  main.o (symbol from plugin)
_ebss                                             start.o
_edata                                            start.o
_sbss                                             start.o
_sdata                                            start.o
_sidata                                           start.o
irq                                               /tmp/ccRVdUAp.ltrans0.ltrans.o
                                                  interrupt_manager.o (symbol from plugin)
                                                  start.o
main                                              /tmp/ccRVdUAp.ltrans0.ltrans.o
                                                  main.o (symbol from plugin)
                                                  start.o
reg_intcon_bits                                   vargen.o (symbol from plugin)
                                                  spi1.o (symbol from plugin)
reg_intflags_bits                                 vargen.o (symbol from plugin)
                                                  spi1.o (symbol from plugin)
reg_porta_bits                                    vargen.o (symbol from plugin)
reg_spi_master_conf_bits                          vargen.o (symbol from plugin)
                                                  main.o (symbol from plugin)
                                                  spi1.o (symbol from plugin)
reg_timer0_conf_bits                              vargen.o (symbol from plugin)
