
Allocating common symbols
Common symbol       size              file

eusart1RxCount      0x1               eusart1.o (symbol from plugin)
eusart1RxBuffer     0x8               eusart1.o (symbol from plugin)
eusart1TxBufferRemaining
                    0x1               eusart1.o (symbol from plugin)
eusart1TxBuffer     0x8               eusart1.o (symbol from plugin)

Memory Configuration

Name             Origin             Length             Attributes
FLASH            0x0000000000000000 0x0000000000100000 xr
RAM              0x0000000000000000 0x0000000000000400 xrw
*default*        0x0000000000000000 0xffffffffffffffff

Linker script and memory map


.text           0x0000000000000000      0x360
                0x0000000000000000                . = ALIGN (0x4)
 *(.text)
 .text          0x0000000000000000      0x156 start.o
 .text          0x0000000000000156       0xf2 /tmp/ccznutqB.ltrans0.ltrans.o
                0x0000000000000156                irq
 *(.text*)
 .text.startup  0x0000000000000248      0x116 /tmp/ccznutqB.ltrans0.ltrans.o
                0x0000000000000248                main
 *(.rodata)
 *(.rodata*)
 *(.srodata)
 *(.srodata*)
 *(.eh_frame)
 *(.eh_frame*)
                0x0000000000000360                . = ALIGN (0x4)
 *fill*         0x000000000000035e        0x2 
                0x0000000000000360                _etext = .
                0x0000000000000360                _sidata = _etext

.rela.dyn       0x0000000000000360        0x0
 .rela.text     0x0000000000000360        0x0 start.o

.data           0x0000000000000000        0x0 load address 0x0000000000000360
                0x0000000000000000                . = ALIGN (0x4)
                0x0000000000000000                _sdata = .
                0x0000000000000000                _ram_start = .
 *(.data)
 .data          0x0000000000000000        0x0 start.o
 .data          0x0000000000000000        0x0 /tmp/ccznutqB.ltrans0.ltrans.o
 *(.data*)
 *(.sdata)
 *(.sdata*)
 *(.init_array)
 *(.init_array*)
                0x0000000000000000                . = ALIGN (0x4)
                0x0000000000000000                _edata = .

.bss            0x0000000000000000       0x1c load address 0x0000000000000360
                0x0000000000000000                . = ALIGN (0x4)
                0x0000000000000000                _sbss = .
 *(.bss)
 .bss           0x0000000000000000        0x0 start.o
 .bss           0x0000000000000000        0x0 /tmp/ccznutqB.ltrans0.ltrans.o
 *(.bss*)
 *(.sbss)
 .sbss          0x0000000000000000       0x19 /tmp/ccznutqB.ltrans0.ltrans.o
 *(.sbss*)
 *(COMMON)
                0x000000000000001c                . = ALIGN (0x4)
 *fill*         0x0000000000000019        0x3 
                0x000000000000001c                _ebss = .

.heap           0x000000000000001c        0x0
                0x000000000000001c                . = ALIGN (0x4)
                0x000000000000001c                _heap_start = .
LOAD start.o
LOAD /tmp/ccznutqB.ltrans0.ltrans.o
OUTPUT(test_serial.elf elf32-littleriscv)

.comment        0x0000000000000000       0x11
 .comment       0x0000000000000000       0x11 /tmp/ccznutqB.ltrans0.ltrans.o
                                         0x12 (size before relaxing)

Cross Reference Table

Symbol                                            File
EUSART1_Initialize                                eusart1.o (symbol from plugin)
                                                  test_serial.o (symbol from plugin)
EUSART1_Read                                      eusart1.o (symbol from plugin)
                                                  test_serial.o (symbol from plugin)
EUSART1_RxDataHandler                             eusart1.o (symbol from plugin)
                                                  interrupt_manager.o (symbol from plugin)
EUSART1_Transmit_ISR                              eusart1.o (symbol from plugin)
                                                  interrupt_manager.o (symbol from plugin)
EUSART1_Write                                     eusart1.o (symbol from plugin)
                                                  test_serial.o (symbol from plugin)
EUSART1_is_rx_ready                               eusart1.o (symbol from plugin)
                                                  test_serial.o (symbol from plugin)
EUSART1_is_tx_ready                               eusart1.o (symbol from plugin)
_ebss                                             start.o
_edata                                            start.o
_sbss                                             start.o
_sdata                                            start.o
_sidata                                           start.o
delay_cycles_11                                   delay.o (symbol from plugin)
eusart1RxBuffer                                   eusart1.o (symbol from plugin)
eusart1RxCount                                    eusart1.o (symbol from plugin)
eusart1RxHead                                     eusart1.o (symbol from plugin)
eusart1RxTail                                     eusart1.o (symbol from plugin)
eusart1TxBuffer                                   eusart1.o (symbol from plugin)
eusart1TxBufferRemaining                          eusart1.o (symbol from plugin)
eusart1TxHead                                     eusart1.o (symbol from plugin)
eusart1TxTail                                     eusart1.o (symbol from plugin)
irq                                               /tmp/ccznutqB.ltrans0.ltrans.o
                                                  interrupt_manager.o (symbol from plugin)
                                                  start.o
main                                              /tmp/ccznutqB.ltrans0.ltrans.o
                                                  test_serial.o (symbol from plugin)
                                                  start.o
reg_intcon_bits                                   vargen.o (symbol from plugin)
                                                  interrupt_manager.o (symbol from plugin)
                                                  eusart1.o (symbol from plugin)
reg_intflags_bits                                 vargen.o (symbol from plugin)
                                                  interrupt_manager.o (symbol from plugin)
