
Memory Configuration

Name             Origin             Length             Attributes
FLASH            0x0000000000000000 0x0000000000100000 xr
RAM              0x0000000000000000 0x0000000000000400 xrw
*default*        0x0000000000000000 0xffffffffffffffff

Linker script and memory map


.text           0x0000000000000000      0x1f4
                0x0000000000000000                . = ALIGN (0x4)
 *(.text)
 .text          0x0000000000000000      0x156 /tmp/ccHwRb8T.o
 .text          0x0000000000000156       0x9c /tmp/ccUN7hro.o
                0x0000000000000156                irq
                0x00000000000001a4                main
 *(.text*)
 *(.rodata)
 *(.rodata*)
 *(.srodata)
 *(.srodata*)
 *(.eh_frame)
 *(.eh_frame*)
                0x00000000000001f4                . = ALIGN (0x4)
 *fill*         0x00000000000001f2        0x2 
                0x00000000000001f4                _etext = .
                0x00000000000001f4                _sidata = _etext

.rela.dyn       0x00000000000001f4        0x0
 .rela.text     0x00000000000001f4        0x0 /tmp/ccHwRb8T.o

.data           0x0000000000000000        0x0 load address 0x00000000000001f4
                0x0000000000000000                . = ALIGN (0x4)
                0x0000000000000000                _sdata = .
                0x0000000000000000                _ram_start = .
 *(.data)
 .data          0x0000000000000000        0x0 /tmp/ccHwRb8T.o
 .data          0x0000000000000000        0x0 /tmp/ccUN7hro.o
 *(.data*)
 *(.sdata)
 *(.sdata*)
 *(.init_array)
 *(.init_array*)
                0x0000000000000000                . = ALIGN (0x4)
                0x0000000000000000                _edata = .

.bss            0x0000000000000000        0x0 load address 0x00000000000001f4
                0x0000000000000000                . = ALIGN (0x4)
                0x0000000000000000                _sbss = .
 *(.bss)
 .bss           0x0000000000000000        0x0 /tmp/ccHwRb8T.o
 .bss           0x0000000000000000        0x0 /tmp/ccUN7hro.o
 *(.bss*)
 *(.sbss)
 *(.sbss*)
 *(COMMON)
                0x0000000000000000                . = ALIGN (0x4)
                0x0000000000000000                _ebss = .

.heap           0x0000000000000000        0x0
                0x0000000000000000                . = ALIGN (0x4)
                0x0000000000000000                _heap_start = .
LOAD /tmp/ccHwRb8T.o
LOAD /tmp/ccUN7hro.o
OUTPUT(test_serial.elf elf32-littleriscv)

.comment        0x0000000000000000       0x11
 .comment       0x0000000000000000       0x11 /tmp/ccUN7hro.o
                                         0x12 (size before relaxing)

Cross Reference Table

Symbol                                            File
_ebss                                             /tmp/ccHwRb8T.o
_edata                                            /tmp/ccHwRb8T.o
_sbss                                             /tmp/ccHwRb8T.o
_sdata                                            /tmp/ccHwRb8T.o
_sidata                                           /tmp/ccHwRb8T.o
irq                                               /tmp/ccUN7hro.o
                                                  /tmp/ccHwRb8T.o
main                                              /tmp/ccUN7hro.o
                                                  /tmp/ccHwRb8T.o
