
Memory Configuration

Name             Origin             Length             Attributes
FLASH            0x0000000000000000 0x0000000000100000 xr
RAM              0x0000000000000000 0x0000000000000400 xrw
*default*        0x0000000000000000 0xffffffffffffffff

Linker script and memory map


.text           0x0000000000000000      0x21c
                0x0000000000000000                . = ALIGN (0x4)
 *(.text)
 .text          0x0000000000000000      0x156 /tmp/ccFWSdM0.o
 .text          0x0000000000000156       0xc4 /tmp/cclfhub1.o
                0x0000000000000156                irq
                0x00000000000001a4                main
 *(.text*)
 *(.rodata)
 *(.rodata*)
 *(.srodata)
 *(.srodata*)
 *(.eh_frame)
 *(.eh_frame*)
                0x000000000000021c                . = ALIGN (0x4)
 *fill*         0x000000000000021a        0x2 
                0x000000000000021c                _etext = .
                0x000000000000021c                _sidata = _etext

.rela.dyn       0x000000000000021c        0x0
 .rela.text     0x000000000000021c        0x0 /tmp/ccFWSdM0.o

.data           0x0000000000000000        0x0 load address 0x000000000000021c
                0x0000000000000000                . = ALIGN (0x4)
                0x0000000000000000                _sdata = .
                0x0000000000000000                _ram_start = .
 *(.data)
 .data          0x0000000000000000        0x0 /tmp/ccFWSdM0.o
 .data          0x0000000000000000        0x0 /tmp/cclfhub1.o
 *(.data*)
 *(.sdata)
 *(.sdata*)
 *(.init_array)
 *(.init_array*)
                0x0000000000000000                . = ALIGN (0x4)
                0x0000000000000000                _edata = .

.bss            0x0000000000000000        0x0 load address 0x000000000000021c
                0x0000000000000000                . = ALIGN (0x4)
                0x0000000000000000                _sbss = .
 *(.bss)
 .bss           0x0000000000000000        0x0 /tmp/ccFWSdM0.o
 .bss           0x0000000000000000        0x0 /tmp/cclfhub1.o
 *(.bss*)
 *(.sbss)
 *(.sbss*)
 *(COMMON)
                0x0000000000000000                . = ALIGN (0x4)
                0x0000000000000000                _ebss = .

.heap           0x0000000000000000        0x0
                0x0000000000000000                . = ALIGN (0x4)
                0x0000000000000000                _heap_start = .
LOAD /tmp/ccFWSdM0.o
LOAD /tmp/cclfhub1.o
OUTPUT(test_serial.elf elf32-littleriscv)

.comment        0x0000000000000000       0x11
 .comment       0x0000000000000000       0x11 /tmp/cclfhub1.o
                                         0x12 (size before relaxing)

Cross Reference Table

Symbol                                            File
_ebss                                             /tmp/ccFWSdM0.o
_edata                                            /tmp/ccFWSdM0.o
_sbss                                             /tmp/ccFWSdM0.o
_sdata                                            /tmp/ccFWSdM0.o
_sidata                                           /tmp/ccFWSdM0.o
irq                                               /tmp/cclfhub1.o
                                                  /tmp/ccFWSdM0.o
main                                              /tmp/cclfhub1.o
                                                  /tmp/ccFWSdM0.o
