
Discarded input sections

 .debug_line    0x0000000000000000      0x31e start.o
 .debug_info    0x0000000000000000       0x26 start.o
 .debug_abbrev  0x0000000000000000       0x14 start.o
 .debug_aranges
                0x0000000000000000       0x20 start.o
 .debug_str     0x0000000000000000       0x4d start.o
 .debug_info    0x0000000000000000      0x1de test_irq.o
 .debug_abbrev  0x0000000000000000       0xdc test_irq.o
 .debug_loc     0x0000000000000000       0x21 test_irq.o
 .debug_aranges
                0x0000000000000000       0x28 test_irq.o
 .debug_ranges  0x0000000000000000       0x18 test_irq.o
 .debug_line    0x0000000000000000      0x187 test_irq.o
 .debug_str     0x0000000000000000      0x1a4 test_irq.o
 .debug_frame   0x0000000000000000       0x30 test_irq.o

Memory Configuration

Name             Origin             Length             Attributes
FLASH            0x0000000000010000 0x0000000000100000 xr
RAM              0x0000000000000000 0x0000000000000400 xrw
*default*        0x0000000000000000 0xffffffffffffffff

Linker script and memory map


.text           0x0000000000010000      0x1b0
                0x0000000000010000                . = ALIGN (0x4)
 *(.text)
 .text          0x0000000000010000      0x17a start.o
 .text          0x000000000001017a       0x32 test_irq.o
                0x000000000001017a                irq
 *(.text*)
 .text.startup  0x00000000000101ac        0x2 test_irq.o
                0x00000000000101ac                main
 *(.rodata)
 *(.rodata*)
 *(.srodata)
 *(.srodata*)
 *(.eh_frame)
 *(.eh_frame*)
                0x00000000000101b0                . = ALIGN (0x4)
 *fill*         0x00000000000101ae        0x2 
                0x00000000000101b0                _etext = .
                0x00000000000101b0                _sidata = _etext

.rela.dyn       0x00000000000101b0        0x0
 .rela.text     0x00000000000101b0        0x0 start.o

.data           0x0000000000000000        0x4 load address 0x00000000000101b0
                0x0000000000000000                . = ALIGN (0x4)
                0x0000000000000000                _sdata = .
                0x0000000000000000                _ram_start = .
 *(.data)
 .data          0x0000000000000000        0x1 start.o
 .data          0x0000000000000001        0x0 test_irq.o
 *(.data*)
 *(.sdata)
 *(.sdata*)
 *(.init_array)
 *(.init_array*)
                0x0000000000000004                . = ALIGN (0x4)
 *fill*         0x0000000000000001        0x3 
                0x0000000000000004                _edata = .

.bss            0x0000000000000004        0x0 load address 0x00000000000101b4
                0x0000000000000004                . = ALIGN (0x4)
                0x0000000000000004                _sbss = .
 *(.bss)
 .bss           0x0000000000000004        0x0 start.o
 .bss           0x0000000000000004        0x0 test_irq.o
 *(.bss*)
 *(.sbss)
 *(.sbss*)
 *(COMMON)
                0x0000000000000004                . = ALIGN (0x4)
                0x0000000000000004                _ebss = .

.heap           0x0000000000000004        0x0
                0x0000000000000004                . = ALIGN (0x4)
                0x0000000000000004                _heap_start = .
LOAD start.o
LOAD test_irq.o
OUTPUT(test_irq.elf elf32-littleriscv)

.comment        0x0000000000000000       0x11
 .comment       0x0000000000000000       0x11 test_irq.o
                                         0x12 (size before relaxing)

Cross Reference Table

Symbol                                            File
_ebss                                             start.o
_edata                                            start.o
_sbss                                             start.o
_sdata                                            start.o
_sidata                                           start.o
irq                                               test_irq.o
                                                  start.o
main                                              test_irq.o
                                                  start.o
