
Memory Configuration

Name             Origin             Length             Attributes
FLASH            0x0000000000010000 0x0000000000100000 xr
RAM              0x0000000000000000 0x0000000000000400 xrw
*default*        0x0000000000000000 0xffffffffffffffff

Linker script and memory map


.text           0x0000000000010000      0x1ec
                0x0000000000010000                . = ALIGN (0x4)
 *(.text)
 .text          0x0000000000010000      0x18a start.o
                0x00000000000100be                disable_irq
                0x00000000000100c8                enable_irq
 .text          0x000000000001018a       0x3a /tmp/ccstYp8p.ltrans0.ltrans.o
                0x000000000001018a                irq
 *(.text*)
 .text.startup  0x00000000000101c4       0x28 /tmp/ccstYp8p.ltrans0.ltrans.o
                0x00000000000101c4                main
 *(.rodata)
 *(.rodata*)
 *(.srodata)
 *(.srodata*)
 *(.eh_frame)
 *(.eh_frame*)
                0x00000000000101ec                . = ALIGN (0x4)
 *fill*         0x00000000000101ec        0x0 
                0x00000000000101ec                _etext = .
                0x00000000000101ec                _sidata = _etext

.rela.dyn       0x00000000000101ec        0x0
 .rela.text     0x00000000000101ec        0x0 start.o

.data           0x0000000000000000        0x4 load address 0x00000000000101ec
                0x0000000000000000                . = ALIGN (0x4)
                0x0000000000000000                _sdata = .
                0x0000000000000000                _ram_start = .
 *(.data)
 .data          0x0000000000000000        0x1 start.o
 .data          0x0000000000000001        0x0 /tmp/ccstYp8p.ltrans0.ltrans.o
 *(.data*)
 *(.sdata)
 *(.sdata*)
 *(.init_array)
 *(.init_array*)
                0x0000000000000004                . = ALIGN (0x4)
 *fill*         0x0000000000000001        0x3 
                0x0000000000000004                _edata = .

.bss            0x0000000000000004        0x0 load address 0x00000000000101f0
                0x0000000000000004                . = ALIGN (0x4)
                0x0000000000000004                _sbss = .
 *(.bss)
 .bss           0x0000000000000004        0x0 start.o
 .bss           0x0000000000000004        0x0 /tmp/ccstYp8p.ltrans0.ltrans.o
 *(.bss*)
 *(.sbss)
 *(.sbss*)
 *(COMMON)
                0x0000000000000004                . = ALIGN (0x4)
                0x0000000000000004                _ebss = .

.heap           0x0000000000000004        0x0
                0x0000000000000004                . = ALIGN (0x4)
                0x0000000000000004                _heap_start = .
LOAD start.o
LOAD /tmp/ccstYp8p.ltrans0.ltrans.o
OUTPUT(test_irq.elf elf32-littleriscv)

.comment        0x0000000000000000       0x11
 .comment       0x0000000000000000       0x11 /tmp/ccstYp8p.ltrans0.ltrans.o
                                         0x12 (size before relaxing)

Cross Reference Table

Symbol                                            File
_ebss                                             start.o
_edata                                            start.o
_sbss                                             start.o
_sdata                                            start.o
_sidata                                           start.o
disable_interrupts                                vargen.o (symbol from plugin)
disable_irq                                       start.o
enable_interrupts                                 vargen.o (symbol from plugin)
enable_irq                                        start.o
irq                                               /tmp/ccstYp8p.ltrans0.ltrans.o
                                                  test_irq.o (symbol from plugin)
                                                  start.o
main                                              /tmp/ccstYp8p.ltrans0.ltrans.o
                                                  test_irq.o (symbol from plugin)
                                                  start.o
reg_intcon_bits                                   vargen.o (symbol from plugin)
reg_intflags_bits                                 vargen.o (symbol from plugin)
                                                  test_irq.o (symbol from plugin)
reg_porta_bits                                    vargen.o (symbol from plugin)
reg_spi_master_conf_bits                          vargen.o (symbol from plugin)
reg_timer0_conf_bits                              vargen.o (symbol from plugin)
